[2026-04-17 12:57:05,438] ERROR core | Erro ao criar empresa no onboarding. user_id=1, erro=Empresa() got unexpected keyword arguments: 'estado', 'ativa'
Traceback (most recent call last):
  File "/Users/fabiorevez/Desktop/sistema_furacao/plataforma/views/onboarding.py", line 51, in onboarding_empresa
    resultado = criar_empresa_com_admin(
        nome_empresa=form.cleaned_data["nome_empresa"],
    ...<17 lines>...
        valor_pagamento=form.cleaned_data.get("valor_pagamento"),
    )
  File "/Library/Frameworks/Python.framework/Versions/3.14/lib/python3.14/contextlib.py", line 85, in inner
    return func(*args, **kwds)
  File "/Users/fabiorevez/Desktop/sistema_furacao/plataforma/services/onboarding.py", line 175, in criar_empresa_com_admin
    empresa = Empresa.objects.create(
        nome=str(nome_empresa).strip(),
    ...<10 lines>...
        observacoes=(observacoes or "").strip(),
    )
  File "/Users/fabiorevez/Desktop/sistema_furacao/.venv/lib/python3.14/site-packages/django/db/models/manager.py", line 87, in manager_method
    return getattr(self.get_queryset(), name)(*args, **kwargs)
           ~~~~~~~~~~~~~~~~~~~~~~~~~~~~~~~~~~^^^^^^^^^^^^^^^^^
  File "/Users/fabiorevez/Desktop/sistema_furacao/.venv/lib/python3.14/site-packages/django/db/models/query.py", line 667, in create
    obj = self.model(**kwargs)
  File "/Users/fabiorevez/Desktop/sistema_furacao/.venv/lib/python3.14/site-packages/django/db/models/base.py", line 590, in __init__
    raise TypeError(
    ...<2 lines>...
    )
TypeError: Empresa() got unexpected keyword arguments: 'estado', 'ativa'
[2026-04-17 18:08:02,447] ERROR core | Erro ao criar empregado com utilizador. admin_user_id=2, empresa_id=5d028c88-4d04-4f0b-bcfb-f558d9ea6aa0, erro=Reverse for 'empregado_detail' not found. 'empregado_detail' is not a valid view function or pattern name.
Traceback (most recent call last):
  File "/Users/fabiorevez/Desktop/sistema_furacao/projetos/views/empregados.py", line 267, in empregado_create
    return redirect("projetos:empregado_detail", pk=empregado.id)
  File "/Users/fabiorevez/Desktop/sistema_furacao/.venv/lib/python3.14/site-packages/django/shortcuts.py", line 51, in redirect
    resolve_url(to, *args, **kwargs),
    ~~~~~~~~~~~^^^^^^^^^^^^^^^^^^^^^
  File "/Users/fabiorevez/Desktop/sistema_furacao/.venv/lib/python3.14/site-packages/django/shortcuts.py", line 184, in resolve_url
    return reverse(to, args=args, kwargs=kwargs)
  File "/Users/fabiorevez/Desktop/sistema_furacao/.venv/lib/python3.14/site-packages/django/urls/base.py", line 98, in reverse
    resolved_url = resolver._reverse_with_prefix(view, prefix, *args, **kwargs)
  File "/Users/fabiorevez/Desktop/sistema_furacao/.venv/lib/python3.14/site-packages/django/urls/resolvers.py", line 842, in _reverse_with_prefix
    raise NoReverseMatch(msg)
django.urls.exceptions.NoReverseMatch: Reverse for 'empregado_detail' not found. 'empregado_detail' is not a valid view function or pattern name.
